
> bharat-app-lms-frontend@0.0.0 build
> ng build

[33m❯[39m Building...
[32m✔[39m Building...
[1mInitial chunk files[22m  [2m | [22m[1mNames[22m                     [2m | [22m [1mRaw size[22m[2m | [22m[1mEstimated transfer size[22m
[32mchunk-OZHCSQH6.js[39m    [2m | [22m[2m-[22m                         [2m | [22m[36m255.19 kB[39m[2m | [22m               [36m68.86 kB[39m
[32mstyles-V7BMWYJQ.css[39m  [2m | [22m[2mstyles[22m                    [2m | [22m[36m241.21 kB[39m[2m | [22m               [36m23.86 kB[39m
[32mscripts-SQ7W6IC7.js[39m  [2m | [22m[2mscripts[22m                   [2m | [22m [36m80.42 kB[39m[2m | [22m               [36m21.62 kB[39m
[32mpolyfills-FFHMD2TL.js[39m[2m | [22m[2mpolyfills[22m                 [2m | [22m [36m34.52 kB[39m[2m | [22m               [36m11.28 kB[39m
[32mmain-OFTTN4NE.js[39m     [2m | [22m[2mmain[22m                      [2m | [22m[36m727 bytes[39m[2m | [22m              [36m727 bytes[39m

[1m [22m                    [2m | [22m[1mInitial total[22m             [2m | [22m[1m[93m612.06 kB[39m[22m[2m | [22m              [1m126.35 kB[22m

[1mLazy chunk files[22m     [2m | [22m[1mNames[22m                     [2m | [22m [1mRaw size[22m[2m | [22m[1mEstimated transfer size[22m
[32mchunk-AGIYHNSU.js[39m    [2m | [22m[2m-[22m                         [2m | [22m [36m42.61 kB[39m[2m | [22m                [36m8.66 kB[39m
[32mchunk-BDSU6DBR.js[39m    [2m | [22m[2massigned-course-module[22m    [2m | [22m [36m22.48 kB[39m[2m | [22m                [36m6.21 kB[39m
[32mchunk-Y36IIJQR.js[39m    [2m | [22m[2maccount-module[22m            [2m | [22m [36m14.43 kB[39m[2m | [22m                [36m3.78 kB[39m
[32mchunk-FBK44LBW.js[39m    [2m | [22m[2mdashboard-v1-module[22m       [2m | [22m [36m12.29 kB[39m[2m | [22m                [36m3.26 kB[39m
[32mchunk-HAG5WEFD.js[39m    [2m | [22m[2mlogin-module[22m              [2m | [22m [36m10.59 kB[39m[2m | [22m                [36m3.06 kB[39m
[32mchunk-7ISJZCY5.js[39m    [2m | [22m[2mfeatures-module[22m           [2m | [22m  [36m9.72 kB[39m[2m | [22m                [36m2.33 kB[39m
[32mchunk-JSWWJDXM.js[39m    [2m | [22m[2mcourse-detail-module[22m      [2m | [22m  [36m9.43 kB[39m[2m | [22m                [36m2.82 kB[39m
[32mchunk-ZR7MU2HW.js[39m    [2m | [22m[2mdashboard-v2-module[22m       [2m | [22m  [36m8.76 kB[39m[2m | [22m                [36m2.38 kB[39m
[32mchunk-S47E3GEU.js[39m    [2m | [22m[2mrecommended-courses-module[22m[2m | [22m  [36m6.33 kB[39m[2m | [22m                [36m1.73 kB[39m
[32mchunk-JSJH3XDS.js[39m    [2m | [22m[2mmy-courses-module[22m         [2m | [22m  [36m6.14 kB[39m[2m | [22m                [36m1.73 kB[39m
[32mchunk-FGCLVIWQ.js[39m    [2m | [22m[2m-[22m                         [2m | [22m  [36m1.57 kB[39m[2m | [22m              [36m644 bytes[39m
[32mchunk-MRHY4WSH.js[39m    [2m | [22m[2mauth-module[22m               [2m | [22m[36m920 bytes[39m[2m | [22m              [36m920 bytes[39m
[32mchunk-K6RFYXIY.js[39m    [2m | [22m[2m-[22m                         [2m | [22m[36m477 bytes[39m[2m | [22m              [36m477 bytes[39m
[32mchunk-XVMKUPBE.js[39m    [2m | [22m[2m-[22m                         [2m | [22m[36m287 bytes[39m[2m | [22m              [36m287 bytes[39m

Application bundle generation complete. [20.428 seconds]

[1m[33m[33m▲ [43;33m[[43;30mWARNING[43;33m][0m [1mbundle initial exceeded maximum budget. Budget 512.00 kB was not met by 100.06 kB with a total of 612.06 kB.[0m


[33m▲ [43;33m[[43;30mWARNING[43;33m][0m [1msrc/app/auth/account/account.component.scss exceeded maximum budget. Budget 2.05 kB was not met by 24 bytes with a total of 2.07 kB.[0m


[33m▲ [43;33m[[43;30mWARNING[43;33m][0m [1msrc/app/features/dashboard-v2/dashboard-v2.component.scss exceeded maximum budget. Budget 2.05 kB was not met by 1.45 kB with a total of 3.50 kB.[0m


[33m▲ [43;33m[[43;30mWARNING[43;33m][0m [1msrc/app/features/dashboard-v1/dashboard-v1.component.scss exceeded maximum budget. Budget 2.05 kB was not met by 1.45 kB with a total of 3.50 kB.[0m


[33m▲ [43;33m[[43;30mWARNING[43;33m][0m [1msrc/app/auth/login/login.component.scss exceeded maximum budget. Budget 2.05 kB was not met by 944 bytes with a total of 2.99 kB.[0m


[33m▲ [43;33m[[43;30mWARNING[43;33m][0m [1m1 rules skipped due to selector errors:
  .form-floating>~label -> Did not expect successive traversals.[0m

[39m[22m
Output location: E:\projects\bharat-app\bharat-app-lms\frontend\bharat_app_lms_frontend\dist\bharat_app_lms_frontend

